// Jest Snapshot v1, https://goo.gl/fbAQLP

exports[`TableBody render 1`] = `
"<tbody>
  <tr>
    <td>小明</td>
    <td>man</td>
    <td>16</td>
  </tr>
  <tr>
    <td>小红</td>
    <td>woman</td>
    <td>12</td>
  </tr>
  <tr>
    <td>小明</td>
    <td>woman</td>
    <td>13</td>
  </tr>
  <tr>
    <td>小明</td>
    <td>woman</td>
    <td>14</td>
  </tr>
  <tr>
    <td>小明</td>
    <td>man</td>
    <td>25</td>
  </tr>
  <tr>
    <td>小刚</td>
    <td>man</td>
    <td>6</td>
  </tr>
  <tr>
    <td>小明</td>
    <td>man</td>
    <td>7</td>
  </tr>
</tbody>"
`;
